{
  "implementation_name": {
    "type": "string",
    "value": "pypy"
  },
  "implementation_version": {
    "type": "version",
    "value": {
      "dev": null,
      "epoch": 0,
      "local": null,
      "post": null,
      "pre": null,
      "release": [
        7,
        3,
        11
      ],
      "str": "7.3.11"
    }
  },
  "os_name": {
    "type": "string",
    "value": "posix"
  },
  "platform_machine": {
    "type": "string",
    "value": "x86_64"
  },
  "platform_python_implementation": {
    "type": "string",
    "value": "PyPy"
  },
  "platform_release": {
    "type": "platform_release",
    "value": ""
  },
  "platform_system": {
    "type": "string",
    "value": "Linux"
  },
  "platform_version": {
    "type": "string",
    "value": ""
  },
  "python_full_version": {
    "type": "version",
    "value": {
      "dev": null,
      "epoch": 0,
      "local": null,
      "post": null,
      "pre": null,
      "release": [
        7,
        3,
        11
      ],
      "str": "7.3.11"
    }
  },
  "python_version": {
    "type": "version",
    "value": {
      "dev": null,
      "epoch": 0,
      "local": null,
      "post": null,
      "pre": null,
      "release": [
        3,
        9
      ],
      "str": "3.9"
    }
  },
  "sys_platform": {
    "type": "string",
    "value": "linux"
  }
}
